---
source: tui/src/bottom_pane/chat_composer.rs
assertion_line: 5105
expression: rendered
---
                                                                                
› Ask Codex to do anything                                                      
                                                                                
                                                                                
                                                                                
  ? for shortcuts                                            100% context left
